// Jest Snapshot v1, https://goo.gl/fbAQLP

exports[`renders datasetimage component 1`] = `
<img
  className="sc-bdnylx bcvmRr"
  src="../images/sea.jpg"
/>
`;
