// Jest Snapshot v1, https://goo.gl/fbAQLP

exports[`renders datasetdetails component 1`] = `
<main>
  <div
    className="sc-fFSRdu ibcSqH"
  >
    <h1
      className="sc-iemXMA jurBCc"
    >
      Arbeitslosigkeit Kiel
    </h1>
    <p
      className="sc-dlMBXb kebPft"
    >
      Arbeitslosigkeit in Kiel absolut und relativ seit 2009.
    </p>
    <br />
    <h3
      className="sc-hHEjAm cOKbDZ"
    >
      Lizenz
    </h3>
    <p
      className="sc-dlMBXb kebPft"
    >
      <a
        href="Datenlizenz Deutschland – Zero – Version 2.0"
      >
        Zur Lizenz
      </a>
    </p>
    <br />
    <h3
      className="sc-hHEjAm cOKbDZ"
    >
      Herausgeber
    </h3>
    <p
      className="sc-dlMBXb kebPft"
    >
      Landeshauptstadt Kiel
    </p>
  </div>
  <div
    className="sc-jSFkmK hqYLaw"
  >
    <span
      className="sc-gKAblj YaZnh"
    />
    <span
      className="sc-gKAblj YaZnh"
    />
    <span
      className="sc-gKAblj YaZnh"
    />
  </div>
</main>
`;
